// Jest Snapshot v1, https://goo.gl/fbAQLP

exports[`ReportDetails renders all values correctly 1`] = `
<ForwardRef>
  <Themed.Card
    containerStyle={
      Object {
        "borderRadius": 10,
        "borderWidth": 0,
        "elevation": 5,
        "padding": 0,
        "shadowColor": "#000",
        "shadowOffset": Object {
          "height": 5,
          "width": 0,
        },
        "shadowOpacity": 0.34,
        "shadowRadius": 6.27,
      }
    }
  >
    <ReportImage
      image="some image data"
    />
    <View
      style={
        Object {
          "alignItems": "center",
          "backgroundColor": "#1F271B",
          "borderBottomColor": "white",
          "borderBottomWidth": 1,
          "flex": 1,
          "flexDirection": "row",
          "justifyContent": "space-between",
        }
      }
    >
      <View
        style={
          Object {
            "margin": 10,
          }
        }
      >
        <Themed.Text
          style={
            Object {
              "color": "white",
              "fontFamily": "Raleway-Bold",
              "fontSize": 16,
            }
          }
        >
          a report
        </Themed.Text>
        <Themed.Text
          style={
            Array [
              Object {
                "color": "grey",
              },
              Object {
                "fontFamily": "Raleway-Regular",
              },
              Object {
                "fontSize": 14,
              },
            ]
          }
        >
          a few seconds ago
        </Themed.Text>
      </View>
      <View
        style={
          Object {
            "margin": 10,
          }
        }
      >
        <Themed.Icon
          color="white"
          name="chevron-right"
          size={30}
        />
      </View>
    </View>
    <ReportCardBottomBar />
  </Themed.Card>
</ForwardRef>
`;
