// Jest Snapshot v1, https://goo.gl/fbAQLP

exports[`NewReportForm renders all values correctly 1`] = `ShallowWrapper {}`;
